清单文件名, 档案文件名和入口点名称的指定顺序
与 'm', 'f' 和 'e' 标记的指定顺序相同。

示例 1: 将两个类文件归档到一个名为 classes.jar 的档案中:
       jar cvf classes.jar Foo.class Bar.class
示例 2: 使用现有的清单文件 'mymanifest' 并
           将 foo/ 目录中的所有文件归档到 'classes.jar' 中:
       jar cvfm classes.jar mymanifest -C foo/ .


C:\Users\admin>java -jar AppHelloWorld.jar
Error: Unable to access jarfile AppHelloWorld.jar

C:\Users\admin>java -jar D:\Java\App\AppHelloWorld.jar
Error: Unable to access jarfile D:\Java\App\AppHelloWorld.jar

C:\Users\admin>jar AppHelloWorld
非法选项: A
用法: jar {ctxui}[vfmn0PMe] [jar-file] [manifest-file] [entry-point] [-C dir] files ...
选项:
    -c  创建新档案
    -t  列出档案目录
    -x  从档案中提取指定的 (或所有) 文件
    -u  更新现有档案
    -v  在标准输出中生成详细输出
    -f  指定档案文件名
    -m  包含指定清单文件中的清单信息
    -n  创建新档案后执行 Pack200 规范化
    -e  为捆绑到可执行 jar 文件的独立应用程序
        指定应用程序入口点
    -0  仅存储; 不使用任何 ZIP 压缩
    -P  保留文件名中的前导 '/' (绝对路径) 和 ".." (父目录) 组件
    -M  不创建条目的清单文件
    -i  为指定的 jar 文件生成索引信息
    -C  更改为指定的目录并包含以下文件
如果任何文件为目录, 则对其进行递归处理。
清单文件名, 档案文件名和入口点名称的指定顺序
与 'm', 'f' 和 'e' 标记的指定顺序相同。

示例 1: 将两个类文件归档到一个名为 classes.jar 的档案中:
       jar cvf classes.jar Foo.class Bar.class
示例 2: 使用现有的清单文件 'mymanifest' 并
           将 foo/ 目录中的所有文件归档到 'classes.jar' 中:
       jar cvfm classes.jar mymanifest -C foo/ .


C:\Users\admin>javac
用法: javac <options> <source files>
其中, 可能的选项包括:
  -g                         生成所有调试信息
  -g:none                    不生成任何调试信息
  -g:{lines,vars,source}     只生成某些调试信息
  -nowarn                    不生成任何警告
  -verbose                   输出有关编译器正在执行的操作的消息
  -deprecation               输出使用已过时的 API 的源位置
  -classpath <路径>            指定查找用户类文件和注释处理程序的位置
  -cp <路径>                   指定查找用户类文件和注释处理程序的位置
  -sourcepath <路径>           指定查找输入源文件的位置
  -bootclasspath <路径>        覆盖引导类文件的位置
  -extdirs <目录>              覆盖所安装扩展的位置
  -endorseddirs <目录>         覆盖签名的标准路径的位置
  -proc:{none,only}          控制是否执行注释处理和/或编译。
  -processor <class1>[,<class2>,<class3>...] 要运行的注释处理程序的名称; 绕过默 认的搜索进程
  -processorpath <路径>        指定查找注释处理程序的位置
  -parameters                生成元数据以用于方法参数的反射
  -d <目录>                    指定放置生成的类文件的位置
  -s <目录>                    指定放置生成的源文件的位置
  -h <目录>                    指定放置生成的本机标头文件的位置
  -implicit:{none,class}     指定是否为隐式引用文件生成类文件
  -encoding <编码>             指定源文件使用的字符编码
  -source <发行版>              提供与指定发行版的源兼容性
  -target <发行版>              生成特定 VM 版本的类文件
  -profile <配置文件>            请确保使用的 API 在指定的配置文件中可用
  -version                   版本信息
  -help                      输出标准选项的提要
  -A关键字[=值]                  传递给注释处理程序的选项
  -X                         输出非标准选项的提要
  -J<标记>                     直接将 <标记> 传递给运行时系统
  -Werror                    出现警告时终止编译
  @<文件名>                     从文件读取选项和文件名


C:\Users\admin>
C:\Users\admin>java
用法: java [-options] class [args...]
           (执行类)
   或  java [-options] -jar jarfile [args...]
           (执行 jar 文件)
其中选项包括:
    -d32          使用 32 位数据模型 (如果可用)
    -d64          使用 64 位数据模型 (如果可用)
    -server       选择 "server" VM
                  默认 VM 是 server.

    -cp <目录和 zip/jar 文件的类搜索路径>
    -classpath <目录和 zip/jar 文件的类搜索路径>
                  用 ; 分隔的目录, JAR 档案
                  和 ZIP 档案列表, 用于搜索类文件。
    -D<名称>=<值>
                  设置系统属性
    -verbose:[class|gc|jni]
                  启用详细输出
    -version      输出产品版本并退出
    -version:<值>
                  警告: 此功能已过时, 将在
                  未来发行版中删除。
                  需要指定的版本才能运行
    -showversion  输出产品版本并继续
    -jre-restrict-search | -no-jre-restrict-search
                  警告: 此功能已过时, 将在
                  未来发行版中删除。
                  在版本搜索中包括/排除用户专用 JRE
    -? -help      输出此帮助消息
    -X            输出非标准选项的帮助
    -ea[:<packagename>...|:<classname>]
    -enableassertions[:<packagename>...|:<classname>]
                  按指定的粒度启用断言
    -da[:<packagename>...|:<classname>]
    -disableassertions[:<packagename>...|:<classname>]
                  禁用具有指定粒度的断言
    -esa | -enablesystemassertions
                  启用系统断言
    -dsa | -disablesystemassertions
                  禁用系统断言
    -agentlib:<libname>[=<选项>]
                  加载本机代理库 <libname>, 例如 -agentlib:hprof
                  另请参阅 -agentlib:jdwp=help 和 -agentlib:hprof=help
    -agentpath:<pathname>[=<选项>]
                  按完整路径名加载本机代理库
    -javaagent:<jarpath>[=<选项>]
                  加载 Java 编程语言代理, 请参阅 java.lang.instrument
    -splash:<imagepath>
                  使用指定的图像显示启动屏幕
有关详细信息, 请参阅 http://www.oracle.com/technetwork/java/javase/documentation/index.html。

C:\Users\admin>jar D:\Java\App\AppHelloWorld.class
非法选项: D
用法: jar {ctxui}[vfmn0PMe] [jar-file] [manifest-file] [entry-point] [-C dir] files ...
选项:
    -c  创建新档案
    -t  列出档案目录
    -x  从档案中提取指定的 (或所有) 文件
    -u  更新现有档案
    -v  在标准输出中生成详细输出
    -f  指定档案文件名
    -m  包含指定清单文件中的清单信息
    -n  创建新档案后执行 Pack200 规范化
    -e  为捆绑到可执行 jar 文件的独立应用程序
        指定应用程序入口点
    -0  仅存储; 不使用任何 ZIP 压缩
    -P  保留文件名中的前导 '/' (绝对路径) 和 ".." (父目录) 组件
    -M  不创建条目的清单文件
    -i  为指定的 jar 文件生成索引信息
    -C  更改为指定的目录并包含以下文件
如果任何文件为目录, 则对其进行递归处理。
清单文件名, 档案文件名和入口点名称的指定顺序
与 'm', 'f' 和 'e' 标记的指定顺序相同。

示例 1: 将两个类文件归档到一个名为 classes.jar 的档案中:
       jar cvf classes.jar Foo.class Bar.class
示例 2: 使用现有的清单文件 'mymanifest' 并
           将 foo/ 目录中的所有文件归档到 'classes.jar' 中:
       jar cvfm classes.jar mymanifest -C foo/ .


C:\Users\admin>jar cvf AppHelloWorld.jar AppHelloWorld
AppHelloWorld: 没有这个文件或目录
已添加清单

C:\Users\admin>jar cvf AppHelloWorld.jar d:\Java\App\AppHelloWorld
d:\Java\App\AppHelloWorld: 没有这个文件或目录
已添加清单

C:\Users\admin>d:

D:\>javac
用法: javac <options> <source files>
其中, 可能的选项包括:
  -g                         生成所有调试信息
  -g:none                    不生成任何调试信息
  -g:{lines,vars,source}     只生成某些调试信息
  -nowarn                    不生成任何警告
  -verbose                   输出有关编译器正在执行的操作的消息
  -deprecation               输出使用已过时的 API 的源位置
  -classpath <路径>            指定查找用户类文件和注释处理程序的位置
  -cp <路径>                   指定查找用户类文件和注释处理程序的位置
  -sourcepath <路径>           指定查找输入源文件的位置
  -bootclasspath <路径>        覆盖引导类文件的位置
  -extdirs <目录>              覆盖所安装扩展的位置
  -endorseddirs <目录>         覆盖签名的标准路径的位置
  -proc:{none,only}          控制是否执行注释处理和/或编译。
  -processor <class1>[,<class2>,<class3>...] 要运行的注释处理程序的名称; 绕过默 认的搜索进程
  -processorpath <路径>        指定查找注释处理程序的位置
  -parameters                生成元数据以用于方法参数的反射
  -d <目录>                    指定放置生成的类文件的位置
  -s <目录>                    指定放置生成的源文件的位置
  -h <目录>                    指定放置生成的本机标头文件的位置
  -implicit:{none,class}     指定是否为隐式引用文件生成类文件
  -encoding <编码>             指定源文件使用的字符编码
  -source <发行版>              提供与指定发行版的源兼容性
  -target <发行版>              生成特定 VM 版本的类文件
  -profile <配置文件>            请确保使用的 API 在指定的配置文件中可用
  -version                   版本信息
  -help                      输出标准选项的提要
  -A关键字[=值]                  传递给注释处理程序的选项
  -X                         输出非标准选项的提要
  -J<标记>                     直接将 <标记> 传递给运行时系统
  -Werror                    出现警告时终止编译
  @<文件名>                     从文件读取选项和文件名


D:\>e:

E:\>javac
用法: javac <options> <source files>
其中, 可能的选项包括:
  -g                         生成所有调试信息
  -g:none                    不生成任何调试信息
  -g:{lines,vars,source}     只生成某些调试信息
  -nowarn                    不生成任何警告
  -verbose                   输出有关编译器正在执行的操作的消息
  -deprecation               输出使用已过时的 API 的源位置
  -classpath <路径>            指定查找用户类文件和注释处理程序的位置
  -cp <路径>                   指定查找用户类文件和注释处理程序的位置
  -sourcepath <路径>           指定查找输入源文件的位置
  -bootclasspath <路径>        覆盖引导类文件的位置
  -extdirs <目录>              覆盖所安装扩展的位置
  -endorseddirs <目录>         覆盖签名的标准路径的位置
  -proc:{none,only}          控制是否执行注释处理和/或编译。
  -processor <class1>[,<class2>,<class3>...] 要运行的注释处理程序的名称; 绕过默 认的搜索进程
  -processorpath <路径>        指定查找注释处理程序的位置
  -parameters                生成元数据以用于方法参数的反射
  -d <目录>                    指定放置生成的类文件的位置
  -s <目录>                    指定放置生成的源文件的位置
  -h <目录>                    指定放置生成的本机标头文件的位置
  -implicit:{none,class}     指定是否为隐式引用文件生成类文件
  -encoding <编码>             指定源文件使用的字符编码
  -source <发行版>              提供与指定发行版的源兼容性
  -target <发行版>              生成特定 VM 版本的类文件
  -profile <配置文件>            请确保使用的 API 在指定的配置文件中可用
  -version                   版本信息
  -help                      输出标准选项的提要
  -A关键字[=值]                  传递给注释处理程序的选项
  -X                         输出非标准选项的提要
  -J<标记>                     直接将 <标记> 传递给运行时系统
  -Werror                    出现警告时终止编译
  @<文件名>                     从文件读取选项和文件名


E:\>cd d:\Java\App

E:\>d:\Java\App
'd:\Java\App' 不是内部或外部命令，也不是可运行的程序
或批处理文件。

E:\>cd d:
d:\Java\App

E:\>d:

d:\Java\App> jar cvfM AppHelloWorld.jar AppHelloWorld
AppHelloWorld: 没有这个文件或目录

d:\Java\App> jar cvfM AppHelloWorld.jar AppHelloWorld.class
正在添加: AppHelloWorld.class(输入 = 449) (输出 = 304)(压缩了 32%)

d:\Java\App>java -jar AppHelloWorld.jar
Error: Invalid or corrupt jarfile AppHelloWorld.jar

d:\Java\App>java -jar AppHelloWorld.jar
Error: Invalid or corrupt jarfile AppHelloWorld.jar

d:\Java\App> jar cvf AppHelloWorld.jar AppHelloWorld.class
已添加清单
正在添加: AppHelloWorld.class(输入 = 449) (输出 = 304)(压缩了 32%)

d:\Java\App>java -jar AppHelloWorld.jar
AppHelloWorld.jar中没有主清单属性

d:\Java\App>jar cvfm AppHelloWorld.jar MANIFEST.MF AppHelloWorld.class
已添加清单
正在添加: AppHelloWorld.class(输入 = 449) (输出 = 304)(压缩了 32%)

d:\Java\App>java -jar AppHelloWorld.class
Error: Invalid or corrupt jarfile AppHelloWorld.class

d:\Java\App>jar cvfm AppHelloWorld.jar MANIFEST.MF AppHelloWorld.class
已添加清单
正在添加: AppHelloWorld.class(输入 = 449) (输出 = 304)(压缩了 32%)

d:\Java\App>java -jar AppHelloWorld.jar
Java Application Hello World!

d:\Java\App>
Microsoft Windows [版本 10.0.10586]
(c) 2015 Microsoft Corporation。保留所有权利。

C:\Users\admin>d:\Java\App
'd:\Java\App' 不是内部或外部命令，也不是可运行的程序
或批处理文件。

C:\Users\admin>cd d:\Java\App

C:\Users\admin>d:

d:\Java\App>javaw AppHelloWorld

d:\Java\App>javaw AppHelloWorld

d:\Java\App>d: